// Vitest Snapshot v1, https://vitest.dev/guide/snapshot.html

exports[`should match Stylelint Configuration snapshot: css 1`] = `
{
  "pluginFunctions": {
    "order/order": [Function],
    "order/properties-alphabetical-order": [Function],
    "order/properties-order": [Function],
    "scss/at-each-key-value-single-line": [Function],
    "scss/at-else-closing-brace-newline-after": [Function],
    "scss/at-else-closing-brace-space-after": [Function],
    "scss/at-else-empty-line-before": [Function],
    "scss/at-else-if-parentheses-space-before": [Function],
    "scss/at-extend-no-missing-placeholder": [Function],
    "scss/at-function-named-arguments": [Function],
    "scss/at-function-parentheses-space-before": [Function],
    "scss/at-function-pattern": [Function],
    "scss/at-if-closing-brace-newline-after": [Function],
    "scss/at-if-closing-brace-space-after": [Function],
    "scss/at-if-no-null": [Function],
    "scss/at-import-no-partial-leading-underscore": [Function],
    "scss/at-import-partial-extension": [Function],
    "scss/at-import-partial-extension-allowed-list": [Function],
    "scss/at-import-partial-extension-blacklist": [Function],
    "scss/at-import-partial-extension-disallowed-list": [Function],
    "scss/at-import-partial-extension-whitelist": [Function],
    "scss/at-mixin-argumentless-call-parentheses": [Function],
    "scss/at-mixin-named-arguments": [Function],
    "scss/at-mixin-no-risky-nesting-selector": [Function],
    "scss/at-mixin-parentheses-space-before": [Function],
    "scss/at-mixin-pattern": [Function],
    "scss/at-root-no-redundant": [Function],
    "scss/at-rule-conditional-no-parentheses": [Function],
    "scss/at-rule-no-unknown": [Function],
    "scss/at-use-no-redundant-alias": [Function],
    "scss/at-use-no-unnamespaced": [Function],
    "scss/block-no-redundant-nesting": [Function],
    "scss/comment-no-empty": [Function],
    "scss/comment-no-loud": [Function],
    "scss/declaration-nested-properties": [Function],
    "scss/declaration-nested-properties-no-divided-groups": [Function],
    "scss/declaration-property-value-no-unknown": [Function],
    "scss/dimension-no-non-numeric-values": [Function],
    "scss/dollar-variable-colon-newline-after": [Function],
    "scss/dollar-variable-colon-space-after": [Function],
    "scss/dollar-variable-colon-space-before": [Function],
    "scss/dollar-variable-default": [Function],
    "scss/dollar-variable-empty-line-after": [Function],
    "scss/dollar-variable-empty-line-before": [Function],
    "scss/dollar-variable-first-in-block": [Function],
    "scss/dollar-variable-no-missing-interpolation": [Function],
    "scss/dollar-variable-no-namespaced-assignment": [Function],
    "scss/dollar-variable-pattern": [Function],
    "scss/double-slash-comment-empty-line-before": [Function],
    "scss/double-slash-comment-inline": [Function],
    "scss/double-slash-comment-whitespace-inside": [Function],
    "scss/function-calculation-no-interpolation": [Function],
    "scss/function-color-channel": [Function],
    "scss/function-color-relative": [Function],
    "scss/function-disallowed-list": [Function],
    "scss/function-no-unknown": [Function],
    "scss/function-quote-no-quoted-strings-inside": [Function],
    "scss/function-unquote-no-unquoted-strings-inside": [Function],
    "scss/load-no-partial-leading-underscore": [Function],
    "scss/load-partial-extension": [Function],
    "scss/map-keys-quotes": [Function],
    "scss/media-feature-value-dollar-variable": [Function],
    "scss/no-dollar-variables": [Function],
    "scss/no-duplicate-dollar-variables": [Function],
    "scss/no-duplicate-load-rules": [Function],
    "scss/no-duplicate-mixins": [Function],
    "scss/no-global-function-names": [Function],
    "scss/no-unused-private-members": [Function],
    "scss/operator-no-newline-after": [Function],
    "scss/operator-no-newline-before": [Function],
    "scss/operator-no-unspaced": [Function],
    "scss/partial-no-import": [Function],
    "scss/percent-placeholder-pattern": [Function],
    "scss/property-no-unknown": [Function],
    "scss/selector-nest-combinators": [Function],
    "scss/selector-no-redundant-nesting-selector": [Function],
    "scss/selector-no-union-class-name": [Function],
  },
  "rules": {
    "alpha-value-notation": [
      "percentage",
      {
        "exceptProperties": [
          "opacity",
          "fill-opacity",
          "flood-opacity",
          "stop-opacity",
          "stroke-opacity",
        ],
      },
    ],
    "annotation-no-unknown": null,
    "at-rule-descriptor-no-unknown": [
      true,
    ],
    "at-rule-descriptor-value-no-unknown": [
      true,
    ],
    "at-rule-empty-line-before": [
      "always",
      {
        "except": [
          "blockless-after-blockless",
          "first-nested",
        ],
        "ignore": [
          "after-comment",
        ],
        "ignoreAtRules": [
          "else",
        ],
      },
    ],
    "at-rule-no-deprecated": [
      true,
    ],
    "at-rule-no-unknown": null,
    "at-rule-no-vendor-prefix": [
      true,
    ],
    "at-rule-prelude-no-invalid": [
      true,
      {
        "ignoreAtRules": [
          "media",
        ],
      },
    ],
    "block-no-empty": [
      true,
    ],
    "color-function-notation": [
      "modern",
    ],
    "color-hex-length": [
      "short",
    ],
    "color-no-invalid-hex": [
      true,
    ],
    "comment-empty-line-before": [
      "always",
      {
        "except": [
          "first-nested",
        ],
        "ignore": [
          "stylelint-commands",
        ],
      },
    ],
    "comment-no-empty": null,
    "comment-whitespace-inside": [
      "always",
    ],
    "custom-media-pattern": [
      "^([a-z][a-z0-9]*)(-[a-z0-9]+)*$",
      {
        "message": [Function],
      },
    ],
    "custom-property-empty-line-before": [
      "always",
      {
        "except": [
          "after-custom-property",
          "first-nested",
        ],
        "ignore": [
          "after-comment",
          "inside-single-line-block",
        ],
      },
    ],
    "custom-property-no-missing-var-function": [
      true,
    ],
    "custom-property-pattern": [
      "^([a-z][a-z0-9]*)(-[a-z0-9]+)*$",
      {
        "message": [Function],
      },
    ],
    "declaration-block-no-duplicate-custom-properties": [
      true,
    ],
    "declaration-block-no-duplicate-properties": [
      true,
      {
        "ignore": [
          "consecutive-duplicates-with-different-syntaxes",
        ],
      },
    ],
    "declaration-block-no-redundant-longhand-properties": [
      true,
    ],
    "declaration-block-no-shorthand-property-overrides": [
      true,
    ],
    "declaration-block-single-line-max-declarations": [
      1,
    ],
    "declaration-empty-line-before": [
      "always",
      {
        "except": [
          "after-declaration",
          "first-nested",
        ],
        "ignore": [
          "after-comment",
          "inside-single-line-block",
        ],
      },
    ],
    "declaration-property-value-keyword-no-deprecated": [
      true,
    ],
    "declaration-property-value-no-unknown": [
      true,
    ],
    "font-family-name-quotes": [
      "always-where-recommended",
    ],
    "font-family-no-duplicate-names": [
      true,
    ],
    "font-family-no-missing-generic-family-keyword": [
      true,
    ],
    "function-calc-no-unspaced-operator": [
      true,
    ],
    "function-linear-gradient-no-nonstandard-direction": [
      true,
    ],
    "function-name-case": [
      "lower",
    ],
    "function-no-unknown": null,
    "function-url-quotes": [
      "always",
    ],
    "hue-degree-notation": [
      "angle",
    ],
    "import-notation": [
      "string",
    ],
    "keyframe-block-no-duplicate-selectors": [
      true,
    ],
    "keyframe-declaration-no-important": [
      true,
    ],
    "keyframe-selector-notation": [
      "percentage-unless-within-keyword-only-block",
    ],
    "keyframes-name-pattern": [
      "^([a-z][a-z0-9]*)(-[a-z0-9]+)*$",
      {
        "message": [Function],
      },
    ],
    "length-zero-no-unit": [
      true,
      {
        "ignore": [
          "custom-properties",
        ],
      },
    ],
    "lightness-notation": [
      "percentage",
    ],
    "media-feature-name-no-unknown": [
      true,
    ],
    "media-feature-name-no-vendor-prefix": [
      true,
    ],
    "media-feature-name-value-no-unknown": [
      true,
    ],
    "media-feature-range-notation": [
      "context",
    ],
    "media-query-no-invalid": null,
    "named-grid-areas-no-invalid": [
      true,
    ],
    "no-descending-specificity": [
      true,
    ],
    "no-duplicate-at-import-rules": [
      true,
    ],
    "no-duplicate-selectors": [
      true,
    ],
    "no-empty-source": [
      true,
    ],
    "no-invalid-double-slash-comments": [
      true,
    ],
    "no-invalid-position-at-import-rule": [
      true,
      {
        "ignoreAtRules": [
          "use",
          "forward",
        ],
      },
    ],
    "no-irregular-whitespace": [
      true,
    ],
    "number-max-precision": [
      4,
    ],
    "order/properties-order": [
      [
        {
          "properties": [
            "composes",
          ],
        },
        {
          "properties": [
            "all",
          ],
        },
        {
          "properties": [
            "position",
            "inset",
            "inset-block",
            "inset-block-start",
            "inset-block-end",
            "inset-inline",
            "inset-inline-start",
            "inset-inline-end",
            "top",
            "right",
            "bottom",
            "left",
            "z-index",
            "float",
            "clear",
          ],
        },
        {
          "properties": [
            "box-sizing",
            "display",
            "visibility",
          ],
        },
        {
          "properties": [
            "flex",
            "flex-grow",
            "flex-shrink",
            "flex-basis",
            "flex-flow",
            "flex-direction",
            "flex-wrap",
            "-webkit-box-orient",
          ],
        },
        {
          "properties": [
            "grid",
            "grid-area",
            "grid-template",
            "grid-template-areas",
            "grid-template-rows",
            "grid-template-columns",
            "grid-row",
            "grid-row-start",
            "grid-row-end",
            "grid-column",
            "grid-column-start",
            "grid-column-end",
            "grid-auto-rows",
            "grid-auto-columns",
            "grid-auto-flow",
            "grid-gap",
            "grid-row-gap",
            "grid-column-gap",
          ],
        },
        {
          "properties": [
            "gap",
            "row-gap",
            "column-gap",
            "place-content",
            "place-items",
            "place-self",
            "align-content",
            "align-items",
            "align-self",
            "justify-content",
            "justify-items",
            "justify-self",
          ],
        },
        {
          "properties": [
            "order",
          ],
        },
        {
          "properties": [
            "inline-size",
            "min-inline-size",
            "max-inline-size",
            "width",
            "min-width",
            "max-width",
            "block-size",
            "min-block-size",
            "max-block-size",
            "height",
            "min-height",
            "max-height",
            "aspect-ratio",
          ],
        },
        {
          "properties": [
            "padding",
            "padding-block",
            "padding-block-start",
            "padding-block-end",
            "padding-inline",
            "padding-inline-start",
            "padding-inline-end",
            "padding-top",
            "padding-right",
            "padding-bottom",
            "padding-left",
            "margin",
            "margin-block",
            "margin-block-start",
            "margin-block-end",
            "margin-inline",
            "margin-inline-start",
            "margin-inline-end",
            "margin-top",
            "margin-right",
            "margin-bottom",
            "margin-left",
          ],
        },
        {
          "properties": [
            "overflow",
            "overflow-inline",
            "overflow-block",
            "overflow-x",
            "overflow-y",
            "scrollbar-gutter",
            "-webkit-overflow-scrolling",
            "-ms-overflow-x",
            "-ms-overflow-y",
            "-ms-overflow-style",
            "text-overflow",
            "-webkit-line-clamp",
            "line-clamp",
            "scroll-behaviour",
          ],
        },
        {
          "properties": [
            "overscroll-behavior",
            "overscroll-behavior-inline",
            "overscroll-behavior-block",
            "overscroll-behavior-x",
            "overscroll-behavior-y",
          ],
        },
        {
          "properties": [
            "font",
            "font-family",
            "font-size",
            "font-size-adjust",
            "font-variation-settings",
            "font-style",
            "font-weight",
            "font-optical-sizing",
            "font-stretch",
            "font-feature-settings",
            "font-kerning",
            "font-variant",
            "font-variant-ligatures",
            "font-variant-caps",
            "font-variant-alternates",
            "font-variant-numeric",
            "font-variant-east-asian",
            "font-variant-position",
            "-webkit-font-smoothing",
            "-moz-osx-font-smoothing",
            "font-smooth",
          ],
        },
        {
          "properties": [
            "line-height",
            "vertical-align",
            "alignment-baseline",
            "baseline-shift",
            "dominant-baseline",
          ],
        },
        {
          "properties": [
            "color",
            "-webkit-text-fill-color",
            "-webkit-text-stroke",
            "-webkit-text-stroke-width",
            "-webkit-text-stroke-color",
          ],
        },
        {
          "properties": [
            "text-align",
            "text-align-last",
            "text-justify",
            "text-indent",
            "text-transform",
            "word-spacing",
            "letter-spacing",
            "hyphens",
            "word-break",
            "text-wrap",
            "word-wrap",
            "overflow-wrap",
            "tab-size",
            "white-space",
          ],
        },
        {
          "properties": [
            "text-emphasis",
            "text-emphasis-color",
            "text-emphasis-style",
            "text-emphasis-position",
            "text-decoration",
            "text-decoration-line",
            "text-decoration-thickness",
            "text-decoration-style",
            "text-decoration-color",
            "text-underline-position",
            "text-underline-offset",
            "text-shadow",
          ],
        },
        {
          "properties": [
            "src",
            "font-display",
            "unicode-range",
            "size-adjust",
            "ascent-override",
            "descent-override",
            "line-gap-override",
          ],
        },
        {
          "properties": [
            "appearance",
            "accent-color",
            "pointer-events",
            "-ms-touch-action",
            "touch-action",
            "cursor",
            "caret-color",
            "zoom",
            "resize",
            "user-select",
            "-webkit-user-select",
            "nav-index",
            "nav-up",
            "nav-right",
            "nav-down",
            "nav-left",
            "outline",
            "outline-width",
            "outline-style",
            "outline-color",
            "outline-offset",
          ],
        },
        {
          "properties": [
            "color-scheme",
          ],
        },
        {
          "properties": [
            "table-layout",
            "empty-cells",
            "caption-side",
            "border-spacing",
            "border-collapse",
          ],
        },
        {
          "properties": [
            "content",
            "quotes",
          ],
        },
        {
          "properties": [
            "list-style",
            "list-style-position",
            "list-style-type",
            "list-style-image",
            "counter-reset",
            "counter-set",
            "counter-increment",
          ],
        },
        {
          "properties": [
            "scroll-snap-type",
            "scroll-snap-align",
            "scroll-snap-stop",
            "scroll-padding",
            "scroll-padding-block",
            "scroll-padding-block-start",
            "scroll-padding-block-end",
            "scroll-padding-inline",
            "scroll-padding-inline-start",
            "scroll-padding-inline-end",
            "scroll-padding-top",
            "scroll-padding-right",
            "scroll-padding-bottom",
            "scroll-padding-left",
            "scroll-margin",
            "scroll-margin-block",
            "scroll-margin-block-start",
            "scroll-margin-block-end",
            "scroll-margin-inline",
            "scroll-margin-inline-start",
            "scroll-margin-inline-end",
            "scroll-margin-top",
            "scroll-margin-right",
            "scroll-margin-bottom",
            "scroll-margin-left",
          ],
        },
        {
          "properties": [
            "scrollbar-color",
            "scrollbar-width",
          ],
        },
        {
          "properties": [
            "object-fit",
            "object-position",
            "-ms-interpolation-mode",
            "image-orientation",
            "image-rendering",
            "image-resolution",
          ],
        },
        {
          "properties": [
            "background",
            "background-color",
            "background-image",
            "-ms-filter:\\'progid:DXImageTransform.Microsoft.gradient",
            "filter:progid:DXImageTransform.Microsoft.gradient",
            "filter:progid:DXImageTransform.Microsoft.AlphaImageLoader",
            "background-repeat",
            "background-attachment",
            "background-position",
            "background-position-x",
            "background-position-y",
            "background-clip",
            "background-origin",
            "background-size",
            "border",
            "border-color",
            "border-style",
            "border-width",
            "border-block",
            "border-block-start",
            "border-block-start-color",
            "border-block-start-style",
            "border-block-start-width",
            "border-block-end",
            "border-block-end-color",
            "border-block-end-style",
            "border-block-end-width",
            "border-inline",
            "border-inline-start",
            "border-inline-start-color",
            "border-inline-start-style",
            "border-inline-start-width",
            "border-inline-end",
            "border-inline-end-color",
            "border-inline-end-style",
            "border-inline-end-width",
            "border-top",
            "border-top-color",
            "border-top-style",
            "border-top-width",
            "border-right",
            "border-right-color",
            "border-right-style",
            "border-right-width",
            "border-bottom",
            "border-bottom-color",
            "border-bottom-style",
            "border-bottom-width",
            "border-left",
            "border-left-color",
            "border-left-style",
            "border-left-width",
            "border-radius",
            "border-start-start-radius",
            "border-start-end-radius",
            "border-end-start-radius",
            "border-end-end-radius",
            "border-top-left-radius",
            "border-top-right-radius",
            "border-bottom-right-radius",
            "border-bottom-left-radius",
            "border-image",
            "border-image-source",
            "border-image-slice",
            "border-image-width",
            "border-image-outset",
            "border-image-repeat",
            "box-shadow",
          ],
        },
        {
          "properties": [
            "background-blend-mode",
            "isolation",
            "mix-blend-mode",
            "filter:progid:DXImageTransform.Microsoft.Alpha(Opacity",
            "-ms-filter:\\'progid:DXImageTransform.Microsoft.Alpha",
            "opacity",
          ],
        },
        {
          "properties": [
            "filter",
            "backdrop-filter",
          ],
        },
        {
          "properties": [
            "clip",
            "clip-path",
            "mask-border",
            "mask-border-source",
            "mask-border-slice",
            "mask-border-width",
            "mask-border-outset",
            "mask-border-repeat",
            "mask-border-mode",
            "mask",
            "mask-image",
            "mask-mode",
            "mask-repeat",
            "mask-position",
            "mask-clip",
            "mask-origin",
            "mask-size",
            "mask-composite",
          ],
        },
        {
          "properties": [
            "writing-mode",
          ],
        },
        {
          "properties": [
            "text-anchor",
            "fill",
            "fill-rule",
            "fill-opacity",
            "stroke",
            "stroke-opacity",
            "stroke-width",
            "stroke-linecap",
            "stroke-linejoin",
            "stroke-miterlimit",
            "stroke-dasharray",
            "stroke-dashoffset",
            "color-interpolation",
            "color-interpolation-filters",
            "flood-color",
            "flood-opacity",
            "lighting-color",
            "marker-start",
            "marker-mid",
            "marker-end",
            "stop-color",
            "stop-opacity",
            "shape-rendering",
          ],
        },
        {
          "properties": [
            "transform",
            "transform-origin",
            "rotate",
            "scale",
            "translate",
            "perspective",
            "perspective-origin",
          ],
        },
        {
          "properties": [
            "transition",
            "transition-delay",
            "transition-timing-function",
            "transition-duration",
            "transition-property",
          ],
        },
        {
          "properties": [
            "animation",
            "animation-name",
            "animation-duration",
            "animation-timing-function",
            "animation-delay",
            "animation-iteration-count",
            "animation-direction",
            "animation-play-state",
          ],
        },
        {
          "properties": [
            "will-change",
          ],
        },
        {
          "properties": [
            "break-before",
            "break-after",
            "break-inside",
            "widows",
            "orphans",
          ],
        },
      ],
    ],
    "property-no-unknown": [
      true,
    ],
    "property-no-vendor-prefix": [
      true,
    ],
    "rule-empty-line-before": [
      "always-multi-line",
      {
        "except": [
          "first-nested",
        ],
        "ignore": [
          "after-comment",
        ],
      },
    ],
    "scss/at-else-closing-brace-newline-after": [
      "always-last-in-chain",
    ],
    "scss/at-else-closing-brace-space-after": [
      "always-intermediate",
    ],
    "scss/at-else-empty-line-before": [
      "never",
    ],
    "scss/at-else-if-parentheses-space-before": [
      "always",
    ],
    "scss/at-extend-no-missing-placeholder": [
      true,
    ],
    "scss/at-function-parentheses-space-before": [
      "never",
    ],
    "scss/at-function-pattern": [
      "^(-?[a-z][a-z0-9]*)(-[a-z0-9]+)*$",
      {
        "message": "Expected function name to be kebab-case",
      },
    ],
    "scss/at-if-closing-brace-newline-after": [
      "always-last-in-chain",
    ],
    "scss/at-if-closing-brace-space-after": [
      "always-intermediate",
    ],
    "scss/at-if-no-null": [
      true,
    ],
    "scss/at-mixin-argumentless-call-parentheses": [
      "never",
    ],
    "scss/at-mixin-parentheses-space-before": [
      "never",
    ],
    "scss/at-mixin-pattern": [
      "^(-?[a-z][a-z0-9]*)(-[a-z0-9]+)*$",
      {
        "message": "Expected mixin name to be kebab-case",
      },
    ],
    "scss/at-rule-conditional-no-parentheses": [
      true,
    ],
    "scss/at-rule-no-unknown": [
      true,
    ],
    "scss/comment-no-empty": [
      true,
    ],
    "scss/declaration-nested-properties-no-divided-groups": [
      true,
    ],
    "scss/dollar-variable-colon-space-after": [
      "always-single-line",
    ],
    "scss/dollar-variable-colon-space-before": [
      "never",
    ],
    "scss/dollar-variable-empty-line-before": [
      "always",
      {
        "except": [
          "after-dollar-variable",
          "first-nested",
        ],
        "ignore": [
          "after-comment",
          "inside-single-line-block",
        ],
      },
    ],
    "scss/dollar-variable-no-missing-interpolation": [
      true,
    ],
    "scss/dollar-variable-pattern": [
      "^(-?[a-z][a-z0-9]*)(-[a-z0-9]+)*$",
      {
        "message": "Expected variable to be kebab-case",
      },
    ],
    "scss/double-slash-comment-empty-line-before": [
      "always",
      {
        "except": [
          "first-nested",
        ],
        "ignore": [
          "between-comments",
          "stylelint-commands",
        ],
      },
    ],
    "scss/double-slash-comment-whitespace-inside": [
      "always",
    ],
    "scss/function-quote-no-quoted-strings-inside": [
      true,
    ],
    "scss/function-unquote-no-unquoted-strings-inside": [
      true,
    ],
    "scss/load-no-partial-leading-underscore": [
      true,
    ],
    "scss/load-partial-extension": [
      "never",
    ],
    "scss/no-duplicate-mixins": [
      true,
    ],
    "scss/no-global-function-names": [
      true,
    ],
    "scss/operator-no-newline-after": [
      true,
    ],
    "scss/operator-no-newline-before": [
      true,
    ],
    "scss/operator-no-unspaced": [
      true,
    ],
    "scss/percent-placeholder-pattern": [
      "^(-?[a-z][a-z0-9]*)(-[a-z0-9]+)*$",
      {
        "message": "Expected placeholder to be kebab-case",
      },
    ],
    "selector-anb-no-unmatchable": [
      true,
    ],
    "selector-attribute-quotes": [
      "always",
    ],
    "selector-class-pattern": [
      "^([a-z][a-z0-9]*)(-[a-z0-9]+)*$",
      {
        "message": [Function],
      },
    ],
    "selector-id-pattern": [
      "^([a-z][a-z0-9]*)(-[a-z0-9]+)*$",
      {
        "message": [Function],
      },
    ],
    "selector-no-vendor-prefix": [
      true,
    ],
    "selector-not-notation": [
      "complex",
    ],
    "selector-pseudo-class-no-unknown": [
      true,
    ],
    "selector-pseudo-element-colon-notation": [
      "double",
    ],
    "selector-pseudo-element-no-unknown": [
      true,
    ],
    "selector-type-case": [
      "lower",
    ],
    "selector-type-no-unknown": [
      true,
      {
        "ignore": [
          "custom-elements",
        ],
      },
    ],
    "shorthand-property-no-redundant-values": [
      true,
    ],
    "string-no-newline": [
      true,
    ],
    "unit-no-unknown": [
      true,
    ],
    "value-keyword-case": [
      "lower",
    ],
    "value-no-vendor-prefix": [
      true,
      {
        "ignoreValues": [
          "box",
          "inline-box",
        ],
      },
    ],
  },
}
`;
